✔ commerce reads are private, current, non-mutating, and reject malformed payloads strictly (388.6555ms)
✔ market buys and sells use the shared live quote, conserve pack/gold/stock, and deduplicate operation ids (369.6379ms)
✔ market quantity, availability, calm, gold, and revision denials are atomic (322.2302ms)
✔ raft cargo transfer is owner-only, revisioned, lossless, idempotent, capacity-limited, and private (295.6825ms)
✔ HMAC guest save preflight protects both commerce and legacy market stock; repeated join restores trade revisions (344.6295ms)
✔ merchant NPCs stand inside their intended walkable town markets (284.8432ms)
✔ cargo enforces alive, stationary, current-revision, weighted-capacity, and signed-save preflight boundaries (511.5225ms)
✔ profile sanitization bounds trade revision and gold before market mutations (1.0348ms)
✔ setLook clamps each stick axis and maps non-finite samples to neutral (6.8699ms)
✔ orbit integrates bounded dt, wraps yaw, and caps pitch at its safe view limits (2.7013ms)
✔ NaN dt is neutral and cannot poison the orbit or camera transform (0.6463ms)
✔ recenter clears both orbit offsets and the held look input (0.8145ms)
✔ camera orbit never edits helm yaw, velocity, pose, or rig inputs (2.2207ms)
✔ paused frames do not accumulate held orbit input for later unpaused frames (1.64ms)
✔ real coastal helm input damages the authoritative hull and client replay agrees without predicted feedback (1145.9515ms)
✔ delayed snapshots replay remaining helm commands and cannot duplicate committed impact feedback (334.8354ms)
✔ held server heartbeat leaves hull, pilot ACK, and contact feedback unchanged (295.7075ms)
✔ trial damage changes public part health and propulsion but preserves the source blueprint and profile (268.6131ms)
✔ destroying the foundation under one passenger rescues that passenger while the owner stays aboard (276.6652ms)
✔ loss of all live flotation releases the owner and closes only the transient trial (276.4447ms)
✔ forged private coast contract rejects both private streams atomically (430.7527ms)
✔ disabled navigation LocalServer never advertises naval coast or private impact authority (562.2213ms)
✔ swept hull catches a narrow shoreline strip even when the tick crosses it completely (4.3798ms)
✔ frontal impact damages above the normal-speed threshold while safe and tangential contact do not (0.8887ms)
✔ a frontal collision separates and rebounds while an oblique remainder slides along the coast (1.8744ms)
✔ pure yaw uses the bounded rotation envelope to catch a hull corner (0.5257ms)
✔ polygon ties use stable IDs, input polygons remain immutable, and contacts stop at the four-contact cap (1.3592ms)
✔ repeated same-cell seam contacts apply HP loss only once to the original instance (5.1896ms)
✔ localized contact damage rebases the remaining raft without changing its source plan (2.1312ms)
✔ rejects malformed coast polygons, parts, ticks, and fixed-step envelopes (2.1798ms)
✔ clips both fixed-diagonal triangles conservatively around bilinear land above the waterline (10.4158ms)
✔ terrain polygons are convex, consistently wound, and deeply immutable (1.3917ms)
✔ fully wet cells are omitted and only overlapped grid cells enter the lazy query cache (1.0003ms)
✔ oriented dock matches the walkable footprint and is absent below the waterline (0.8399ms)
✔ four convex boundary boxes appear only when a query reaches half minus two (0.6865ms)
✔ map identity cache and query results are deterministic, sorted, duplicate-free, and frozen (0.5843ms)
✔ rejects malformed heightfields, dock frames, and unbounded or invalid queries (0.8361ms)
✔ delayed coastal ACK replays across a destroyed foundation without applying HP loss twice (17.5508ms)
✔ predicted public geometry and per-instance HP match the impacted body before the next snapshot (3.4447ms)
✔ coastal epoch cannot downgrade its geometry or accept malformed nested impact feedback (5.4356ms)
✔ head-on contact takes more damage than a glancing contact at the same total speed (3.0228ms)
✔ gentle contact, clear trajectory, and resting contact do not cause damage (1.4387ms)
✔ swept path catches a fast crossing and returns a finite corrected state (0.4197ms)
✔ outward motion escapes initial penetration without an artificial bounce (0.3045ms)
✔ initial penetration recognizes outward motion along +Z and a diagonal normal (0.3964ms)
✔ tangential motion from initial penetration preserves velocity without impact damage (0.2916ms)
✔ hull offset follows angular pose and local contact coordinates use corrected pose (0.4186ms)
✔ contact order is deterministic, capped at four, and input objects are not mutated (1.0685ms)
✔ rejects malformed numeric inputs and nonconsecutive ticks (1.1491ms)
✔ boarding requires an owner invite, passenger consent, live deck support, and a fresh frame lease (32.7877ms)
✔ a turning helm carries a walking passenger in the same local frame without changing saved ship data (31.64ms)
✔ owner can leave helm to walk, retains naval authority, and takes helm at the walked frame (6.7003ms)
✔ packet floods coalesce to one committed walk step and stale controls time out safely (26.659ms)
✔ death, disconnect, source edits, and owner detach release only live leases without reviving anyone (355.7418ms)
✔ M5-held ticks publish cached crew frames without applying movement or ACKs (293.5646ms)
✔ returning to walk accepts a position inside an internally destroyed wall while saved blueprint stays intact (18.3104ms)
✔ owner and passenger walking stay attached to their rendered raft as it moves and turns (434.2244ms)
✔ deck ACK replay, delayed snapshots, leave epochs, and helm mode are fenced (306.9391ms)
✔ onSnapshot commits neither private stream when either the deck or naval stream is invalid (269.6428ms)
✔ held heartbeat updates unrelated public raft data without advancing the crew walker (256.7498ms)
✔ disabled navigation LocalServer snapshots and commands never activate private naval walk state (277.5705ms)
✔ swept coast hit damages an identified live foundation and rebases without changing blueprint or cargo (5.9213ms)
✔ a resting or pressing contact contributes zero repeated hull damage (0.8696ms)
✔ destroying the last floats disables the operational body while retaining blueprint and cargo (0.6507ms)
✔ a destroyed sail removes propulsion while leaving floating foundations operational (0.6211ms)
✔ ACK drops acknowledged steps and replays the remaining bounded walk commands (11.5752ms)
✔ neutral consumes a sequence without advancing prediction; invalid input leaves state untouched (1.6347ms)
✔ snapshot validation is atomic, including duplicate nested state and frozen cloned data (1.456ms)
✔ epochs fence leave/remount and sequence storage remains bounded (11.2015ms)
✔ local heading interpolates across the short angle and transforms through one raft pose (1.665ms)
✔ walking accelerates, preserves inertia briefly, then decelerates to rest (9.9495ms)
✔ local collision blocks a missing foundation cell and a wall independent of world yaw (22.651ms)
✔ existing deck geometry carries the body up and down stairs in all four directions (25.1745ms)
✔ input objects are immutable, results are frozen, bad bounds are rejected, and replay is deterministic (6.8324ms)
✔ D08 fixtures build finite aggregate mass, buoyancy, centre and inertia (4.4829ms)
✔ equal ballast mass at the rim increases rotational inertia while a high side load shifts and destabilizes COM (0.5316ms)
✔ renderer origin from navalPose reconstructs the simulated COM at any heading (0.5526ms)
✔ fixed-tick controls are exactly repeatable and neutral motion coasts down without snapping (8.8096ms)
✔ thrust follows the wind, calm retains paddle assistance, and braking cannot reverse forward travel (7.6764ms)
✔ handling comparisons show added mass slows acceleration and braking, while peripheral ballast resists turning (13.9796ms)
✔ measurement scripts are deterministic and expose their fixed 6 second acceleration sample (2.6236ms)
✔ lab jettison clears ballast without moving the hull or changing its rigid-body motion (1.0856ms)
✔ invalid lab ballast and blueprints are rejected before a rig is built (1.3224ms)
✔ malformed body state and rig inputs are rejected before advancing (0.7631ms)
✔ combined forward and lateral speed remains capped for arbitrary initial velocity (0.3472ms)
✔ ten thousand mixed helm ticks remain finite, bounded, and damp lateral drift (27.5726ms)
✔ naval helm IK reaches both grips and clamps targets beyond arm reach (8.3986ms)
✔ opt-in raft sailing rigs animate wind, boost and tiller while normal layers keep the fallback silhouette (108.5161ms)
✔ opt-in sail and helm meshes stay inside their semantic atlas swatches and dispose their caches (43.3069ms)
✔ real CharacterView reaches the opt-in helm grips over a yawed and heeled raft (97.3096ms)
✔ chase framing projects the deck, sail, and house inside the intended screen composition (11.6394ms)
✔ chase view stays aft and follows a heading across the yaw wrap without a camera snap (1.2051ms)
✔ chase FOV remains in its 50 plus-or-minus 6 degree envelope, with reduced motion fixed (1.5841ms)
✔ pause freezes camera follow, ballast release preserves the hull view, and simulation inputs stay untouched (1.5159ms)
✔ 30, 60 and 120 FPS execute the same control stream and identical fixed simulation (22.0638ms)
✔ a stalled tab is bounded and clearing does not execute pending controls (0.5197ms)
✔ naval lab effects stay bounded, respect pause/current controls, and use FX layer (24.9928ms)
✔ reduced motion keeps separated static current arrows without continuous spray (3.2335ms)
✔ nearby foam references stay world anchored, freeze on pause, and recycle within a fixed budget (6.1802ms)
✔ capture splash is positioned around the shifted hull centre, including negative blueprint cells (2.561ms)
✔ impact and destruction splashes stay in the fixed particle pool and expire across display modes (10.0969ms)
✔ naval lab audio is gesture-gated, limits overlaps, and disposes its graph (2.9022ms)
✔ naval lab audio mute and pause gate the loop bus and reject one-shots (1.9359ms)
✔ impact and destruction audio require gesture and respect pause, mute, and overlap limits (0.7465ms)
✔ naval lab audio tracks speed and turn load, then releases every one-shot node on completion (1.0401ms)
✔ compass directions use the boat axes and wrap negative or rounded full turns (5.6245ms)
✔ speed gauge caps its fill while retaining actual speed text (0.53ms)
✔ boost and result feedback expire at their actual ticks (0.6126ms)
✔ capture is disabled by pause, options, calm, or an attempt and ready only in an enabled window (0.8387ms)
✔ gust marks locate the approach, capture window, and perfect band on the progress track (0.4925ms)
✔ HUD leaves frozen simulation inputs unchanged and never invents load or cargo mass (2.255ms)
✔ calm wind and weak current omit direction markers and show their honest labels (0.4887ms)
✔ an opposing current is labeled active without claiming it helps, with live result boost detail (0.5044ms)
✔ keyboard controls hold, release, resolve opposing directions, and Escape clears (6.8148ms)
✔ form fields suppress commands, releases still work, and R/J callbacks ignore repeats (1.3321ms)
✔ touch buttons track independent pointers and release on cancel or lost capture (1.1351ms)
✔ blur and hidden visibility clear held inputs; first connected standard gamepad supplies analog controls (0.7808ms)
✔ non-finite gamepad values become zero and finite values are clamped (0.4662ms)
✔ dispose removes handlers and clears all state (0.4378ms)
✔ Space capture is one-shot, ignores repeats and form fields, and unlock callback is synchronous (0.5427ms)
✔ focused capture button uses its native Space activation without double-queueing (0.8201ms)
✔ marked lab controls suppress game keys while keyup and native capture activation remain available (0.8188ms)
✔ pilot gestures unlock audio once per keyboard press or accepted pointer and Escape cancels (2.1603ms)
✔ capture pointer queues while two pilot pointers remain held (0.703ms)
✔ cancelled capture pointers discard only their own action; pointerup keeps a fast tap (0.503ms)
✔ gamepad capture uses rising edges and stays suppressed after clear until release (0.3887ms)
✔ naval reference look forks both water modes without changing shared render presets (48.7383ms)
✔ naval reference look reports a clear error when the shared water shader anchor drifts (2.7713ms)
✔ wood UV mapping selects bounded board variants and preserves box and cylinder orientation (8.5296ms)
✔ skin configures albedo and normal data separately and degrades safely when either map is missing (2.9045ms)
✔ mobile loader requests only its mobile albedo and keeps relief flat (0.9987ms)
✔ RaftLayer caches local wood and cloth overrides without changing registry atlas or fallback surfaces (4.4855ms)
✔ wake history follows a sustained curved run within its per-side time and vertex budgets (58.4147ms)
✔ reduced motion freezes current flow phase while the curved band keeps its fixed geometry budget (4.9132ms)
✔ stationary and low-speed updates do not add geometric tracks; existing wakes age out (4.2359ms)
✔ pause freezes wake geometry, age, and particles; reset and dispose release wake state (6.4712ms)
✔ wake position follows the actual hull centre when the rig blueprint is shifted (7.2259ms)
✔ bow spray sheets stay bounded, respond asymmetrically to a turn, and clean up across reruns (9.2125ms)
✔ naval lab scenery is a deterministic, bounded, static world silhouette field (86.6053ms)
✔ naval lab scenery keeps a clear near-water passage through z=120 (14.3401ms)
✔ isolated lab server serves its real entry page and only permitted source and Three.js files on loopback (113.1456ms)
✔ HEAD returns the same resource metadata without a body (17.2586ms)
✔ pilot harness is served through its bounded prefix with page-only mobile mode (76.4259ms)
✔ only a safe cache version query is accepted (24.9539ms)
✔ server, tests, package metadata, and unrelated modules are not served (9.7132ms)
✔ encoded, double-encoded, normalized, and absolute traversal requests are rejected (12.434ms)
✔ methods other than GET and HEAD receive 405 with an explicit Allow header (4.8448ms)
✔ speed feel creates a bounded, repeatable set of edge ink paths (11.4936ms)
✔ boost extends the edge strokes toward, but not into, the sail-safe area (1.1826ms)
✔ pause freezes phase, ink intensity, FOV, roll, and the rendered path set (0.8645ms)
✔ reduced motion and disabled feedback remove ink and camera effects immediately (1.9454ms)
✔ extreme speed and turn inputs keep FOV and camera roll within their caps (3.5451ms)
✔ reset clears accumulated feedback and dispose removes the SVG host child (1.0939ms)
✔ navigation body freezes actual hold and carried-pack ballast and damage rebuild retains it (24.5858ms)
✔ parked voyage ticks preserve pose, clear velocity, and unpark starts a fresh input sequence (14.5489ms)
✔ personal cargo may change ashore and is recaptured on reboard while ship hold stays locked (8.2501ms)
✔ reboarding after structural damage keeps cargo intact and reports the resulting overload (6.0456ms)
✔ underway crew ballast refresh preserves the world pose, velocity, tick, activity, and damaged structure (4.9615ms)
✔ empty trial accepts a skipped World tick, but an active body still requires consecutive ticks (5.1145ms)
✔ local current frame rotates the deterministic lane into world coordinates (0.7361ms)
✔ capture is one attempt per gust, and only committed tick emits one server event (4.9749ms)
✔ prediction forwards a capture edge and neutral input never repeats it (2.3105ms)
✔ GAME.seed raft sails from dock to real walkable coast, lands, parks, and reboards (1200.6646ms)
✔ ordinary game admits the fixed helm and an observer sees the same moving raft and pilot (628.9012ms)
✔ voyage owns its blueprint and cargo even through trusted economy helpers (297.7396ms)
✔ storage holds reject new naval input and transitions without advancing ACK, pose or profile (262.9359ms)
✔ pause cancels a queued helm command and reconnect restores one conserved ship at its berth (257.6564ms)
✔ admitted voyage parks the same body ashore, resumes with a fresh epoch and conserves its cargo (1334.74ms)
✔ live helm is a fixed station; pause neutralizes axes; nearby docking restores the saved raft (24.4405ms)
✔ walking away from helm blocks reacquisition until the owner returns to the fixed station (9.6456ms)
✔ coastal landing keeps the boat live while ashore, then reboards and returns without changing profile custody (18.1468ms)
✔ a full deck has no fixed helm station to seize (4.8095ms)
✔ death or source invalidation ashore ends only the transient voyage and never revives the owner (12.218ms)
✔ current fields are deterministic, bounded, continuous, and disabled cleanly (8.3401ms)
✔ a stationary hull accelerates toward water flow through relative drag, without additive runaway (6.3763ms)
✔ leaving a current lane changes motion gradually instead of snapping velocity (8.514ms)
✔ gust announcement, approach, window and calm/disabled states are tick-defined (0.7716ms)
✔ capture resolves perfect, normal, early, poor-angle and no-throttle attempts once (1.3177ms)
✔ boost expires without a hard speed-envelope cut and disabled activity cannot retain a boost (0.7732ms)
✔ announced boost produces a meaningful but mass-sensitive distance gain (16.4165ms)
✔ current and gust outcome are identical across 30, 60 and 120 render FPS (19.4795ms)
✔ destroying a sail removes its propulsion while preserving hull integrity and the blueprint (4.8459ms)
✔ destroying a foundation lowers live mass and buoyancy, then rebases every fixed hull point (1.5368ms)
✔ cargo removal rebases the same motion without changing cargo or structure inputs (0.7243ms)
✔ last live float disables the body without dropping cargo or erasing dead blueprint entries (1.135ms)
✔ the existing 29-part house still builds an operational rig with its full blueprint (0.7131ms)
✔ rebasing rejects malformed states and non-finite rigs without mutating inputs (2.0464ms)
✔ pilot control is server-only and opt-in (316.969ms)
✔ mount requires the own deck, a live idle owner, and no guests; epochs fence mount and input (95.6885ms)
✔ World ticks move the public raft and anchored pilot together while saved source remains moored (44.993ms)
✔ a guest arriving after mount releases the pilot and rescues both players to the dock (61.5688ms)
✔ detach, source invalidation, death, and close clear transient authority without changing saved ship data (67.9016ms)
✔ pilot mount is refused at the four-body trial cap (129.7487ms)
✔ mount is session-bound; forged owner fields cannot control another session and pilot ACK advances on tick (411.4796ms)
✔ pilot prediction keeps player and deck on the same anchor across a land-input replay and snapshot correction (321.2086ms)
✔ delayed old snapshots and old mount epochs cannot reattach the client (323.5925ms)
✔ two clients receive the same moving raft and remote pilot view remains attached (323.9814ms)
✔ leave, disconnect and default-off LocalServer preserve the saved mooring and close transient bodies (691.229ms)
✔ private command gate denies mount and fatal World-step faults fence the dedicated harness without retry (557.038ms)
✔ held M5 ticks publish cached pilot heartbeats without source checks or player movement (372.2909ms)
✔ unchanged naval heartbeat still installs same-tick public changes from another owner (538.3321ms)
✔ pilot local/world transforms round-trip at cardinal and arbitrary raft headings and deck levels (2.5855ms)
✔ pilot headings wrap across the minus-pi/plus-pi boundary (0.3511ms)
✔ raft pose interpolation clamps alpha and takes the short yaw path across pi (1.4905ms)
✔ transforms and interpolation reject missing or non-finite values without mutating inputs (2.2187ms)
✔ impact fixture finds real water-to-land approaches for raft and house hulls (17.5614ms)
✔ starter and house fixtures reach natural coastal damage on a clean W approach (97.6282ms)
✔ coast patch uses map heights and stays within the desktop and mobile triangle budgets (26.2175ms)
✔ coast view builds visible terrain and dock meshes from the supplied map (6.8024ms)
✔ reconciles delayed ACKs by dropping acknowledged input and replaying the remaining fixed steps (11.0567ms)
✔ rejects invalid controls without mutation; neutral queues a command without predicting a tick (1.5143ms)
✔ classifies accepted, duplicate and rejected snapshots while accepting a new mount epoch (2.4633ms)
✔ duplicate snapshots validate their nested body and never mutate prediction state (1.5648ms)
✔ leave clears prediction and fences reactivation until a higher epoch (1.0509ms)
✔ wire body and commands are isolated; projection and pilot position use the same interpolated pose (1.3366ms)
✔ pose interpolation follows the short angular path across the wrap boundary (1.1135ms)
✔ sequence and pending storage remain bounded (8.4267ms)
✔ saved recovery without a landing routes to the harbor and offers recall only in range (3.3837ms)
✔ normal shore routing and recovery with a landing continue to point at the raft (0.3239ms)
✔ a real input-driven raft crosses the optional circuit and docks without hull relocation fixtures (1014.8288ms)
✔ route target replaces only active outbound sailing guidance (2.5938ms)
✔ route status reports the actual bounded run counters and outcome (0.7275ms)
✔ route action sends only the scoped start or abort command (0.3729ms)
✔ returning route makes the normal Amarrar command primary over Caminar (0.8822ms)
✔ new or cleared route sessions reset shot presentation IDs without phantom impacts (1.1717ms)
✔ route start is opt-in for the live owner helm and fences epochs and forged fields at LocalServer (355.9942ms)
✖ start eligibility matches the four-run authority cap and abort records its committed tick (332.1869ms)
✔ a permitted deck guest can observe route guidance but cannot abort the owner’s route (351.8291ms)
✔ only the ordered three server buoys and a returning dock complete the circuit (338.6728ms)
✔ early dock, explicit abort, and shore each terminate an active route with the matching outcome (779.5541ms)
✔ corsair publishes 120 tick warnings at a fixed mark, then a rotated hull can be hit and evade by moving (1037.3094ms)
✔ route damage is fixed at 6 HP, capped at 24 and 50 percent per part, and conserves cargo/economy/blueprint (777.489ms)
✔ client snapshots cannot edit HP, a blocked fixed tick preserves warning and damage state, and non-live contexts cannot start (698.4202ms)
✔ a failed later route candidate does not commit earlier route plans or consume the fixed tick (473.7578ms)
✔ structure validates server IDs, tuple bounds and declared HP, then freezes copies (4.1624ms)
✔ part IDs keep their damage when entries are reordered; updates preserve the blueprint and inputs (1.0232ms)
✔ damage clamps at zero, repeats do not emit damage, and unknown IDs fail (0.6032ms)
✔ hull integrity aggregates floats only and reports a fully disabled hull without throwing (0.9256ms)
✔ impact selects the nearest live float by local AABB and uses lexical ID for exact ties (0.9005ms)
✔ the existing 29-part house blueprint remains complete while destroyed pieces leave only live rig tuples (0.6893ms)
✔ two sticks own separate pointers and emit bounded independent analog values (8.2528ms)
✔ radial dead zone is neutral and positive stick y means braking (1.1849ms)
✔ cancel, lost capture, blur and hidden page neutralize without tap-stuck state and can rearm (1.3719ms)
✔ actions have keyboard clicks, pointer taps, disabled state, and disposal removes live controls (2.9015ms)
✔ reference layout long press opens an available-action picker without firing and rebinds a slot (545.8292ms)
✔ long-press release compatibility click cannot activate the old slot or hit the newly opened picker after a long hold (2214.9933ms)
✔ reference action movement cancels a hold, while a picker leaves independent sticks live and disabling clears all (1049.7266ms)
✔ reference catalog changes close picker and retain only available bindings (1.7311ms)
✔ metadata-only catalog updates preserve a held slot and picker without replacing pressed options (540.562ms)
✔ a tap cannot activate a different fallback if its bound action becomes unavailable before release (2.073ms)
✔ cooldown binding remains equipped and can be reassigned by long press without casting (521.327ms)
✔ reference bindings persist best effort and ignore IDs absent from the live catalog (2.0597ms)
✔ startup with an empty catalog and temporary shore actions preserves saved naval bindings through return aboard (1.0983ms)
✔ trials are opt-in and reject client worlds (303.437ms)
✔ opaque handles bind owner and ship; forged handles and invalid control axes are rejected (16.4278ms)
✔ the authority accepts at most 32 independently moored trial bodies (32.8839ms)
✔ axes coalesce by sequence and ack/body advance only on the World fixed tick (8.8216ms)
✔ stale axes time out after 15 ticks and the trial switches to braking (9.8026ms)
✔ damage is staged to the World tick, has private trial IDs, and disabling floats retains the saved ship (6.1083ms)
✔ repeated actual World runs produce identical private trial snapshots (8.9898ms)
✔ a failed multi-body World step commits no axes or damage and retries the same tick exactly once (13.864ms)
✔ source identity, revision, parts, session and live ECS ship changes fence an active capability (22.2545ms)
✔ stop, detach, ECS recycle and close invalidate handles permanently (5.8466ms)
✔ trial body preserves the requested origin, yaw and vertical baseline for varied poses (8.2444ms)
✔ trial step advances fixed ticks without mutating the previous body and retains its vertical offset (1.9125ms)
✔ damage keeps instance IDs and world origin stable while rebuilding live rig (2.9459ms)
✔ destroyed sail loses propulsion but does not affect aggregate hull integrity (0.6925ms)
✔ destroying the last float freezes motion and retains the final visual pose across disabled ticks (0.8503ms)
✔ trial creation rejects invalid pose, tick, namespace and oversized blueprints (1.3141ms)
✔ trial creation rejects out-of-range origin and a centre of mass beyond the supported state bounds (0.6661ms)
✔ a step that crosses the supported coordinate bound fails without changing the input body (0.8738ms)
✔ two players at 100 ms RTT: prediction holds, they see each other walk and swing (6548.4837ms)
✔ a death still flying on a shot waits for it: the despawn is held, and a newcomer reusing the id is not touched (14.9172ms)
✔ LocalServer capacity is owner-private, detached, and refreshed by an authoritative cargo transfer (351.204ms)
✔ sailing capacity agrees with the authoritative live rig for heavy cargo after mount (295.2617ms)
✔ legacy cargo above safe carrying limit remains saved and visible but blocks a new departure (243.7114ms)
✔ equal-volume goods retain distinct masses; storage capacity uses volume while ballast uses mass (2.4778ms)
✔ crate raises volume capacity; upper structure adds dry mass without changing flotation (2.679ms)
✔ lethal foundation damage rebuilds flotation from live parts while preserving cargo (7.1775ms)
✔ legacy over-cap cargo survives sanitize and dimensions are derived without save migration (4.6979ms)
✔ GameClient commits only accepted capacity snapshots, rejects old ticks, and clears an accepted null (7.7851ms)
✔ confirmed owner HUD capacity follows raft/profile revisions and port, sailing, and reboard modes (0.9366ms)
✔ raft edit route rejects forged ownership, visitors, distance, dead players, mooring loss, and bad pieces atomically (315.6078ms)
✔ anonymous signed saves restore a paid edit and refuse oversized subsequent saves before market settlement (327.7964ms)
✔ allowed foundation placement charges held wood before the owner pack, then deduplicates and fences stale operations (298.4165ms)
✔ read-only village quote and supply buy real goods once with actual price, shared capacity, and atomic failures (258.8125ms)
✔ supply preflight rejects wood when neither fragmented hold can fit one weighted unit (256.6725ms)
✔ placing a second crate grows authoritative capacity and persists that cap across reconnect (262.0348ms)
✔ placing the last wall across a visitor’s only room exit is denied without moving or charging anyone (299.3132ms)
✔ occupied floors and stairs plus structural supports and body blockers are protected atomically (307.8649ms)
✔ crate removal shrinks hold capacity by moving goods into the pack before adding its refund (757.3542ms)
✔ crate removal chooses a lossless cargo transfer independent of goods insertion order (687.3141ms)
✔ build context consumes R as rotation, preserves movement and clears combat at each boundary (4.2484ms)
✔ a gamepad button held across construction must be released before it can attack again (1.3755ms)
✔ reinforced foundation increases structural headroom without adding flotation (3.4407ms)
✔ safe displacement, crew, guest backpacks, and hold excess are accounted independently of volume (0.963ms)
✔ reinforcement command is atomic, charges its incremental materials, and replays its receipt once (359.8936ms)
✔ refused save preflight leaves the reinforcement plan and both inventories unchanged (293.5847ms)
✔ new overloaded departure is denied before trial creation and preserves legacy goods (265.7254ms)
✔ boarding evaluates the consenting guest backpack, then carries its ballast as private crew mass (296.6735ms)
✔ cargo deposit cannot increase a hold overage, while withdrawal remains available to rearrange goods (259.5154ms)
✔ production defers an output lot that would increase hold overload without partial work or consumption (254.0687ms)
✔ raft atlas contract defines inset image quadrants in Three UV coordinates (1.6485ms)
✔ surface descriptors and material keys include semantic region, fallback, and tint (1.7332ms)
✔ raw atlas mapping confines every swatch, including the flipped cloth row (2.9166ms)
✔ wood crop variants are deterministic, distinct, and remain inset inside the wood swatch (2.0486ms)
✔ box grain aligns U with the longest face axis on decks and columns (1.7822ms)
✔ wood cylinder grain swaps side UV axes for lengthwise grain but preserves cap UVs (1.7452ms)
✔ missing UVs are a safe no-op and malformed coordinates are made finite/inset (0.513ms)
✔ joined starter raft carries the player across its dock gangplank and back (307.3642ms)
✔ raft support is standable while nearby unsupported deep water is not (3.642ms)
✔ wall, window, railing and closed door block body radius and a dash cannot tunnel through (17.0535ms)
✔ a closed door edge blocks correctly after rotating the raft (4.4135ms)
✔ a missing deck cell cannot be crossed by one large movement request (3.8047ms)
✔ upper floor selection follows reconciled Y and ignores lower-level edge blockers (3.9859ms)
✔ stairs ascend and descend in each cardinal orientation between actual deck levels (18.4462ms)
✔ owner logout moves a guest off the removed raft and leaves the other owner raft active (274.7611ms)
✔ owner logout rescues an active Abordaje flight aimed at that raft before its stale landing (273.1697ms)
✔ owner logout ignores a stale raft landing target while another skill is active (244.5694ms)
✔ authoritative and predicted movement use the raft list before pending-command replay; stale lists cannot roll back (231.0338ms)
✔ Abordaje leaps across unsupported water between upper raft floors at the same height on server and prediction (16.2194ms)
✔ Y-only reconciliation restores the upper deck and predicts the next command without horizontal error (7.0466ms)
✔ removing raft support while standing over deep water cannot leave the player floating (3.3066ms)
✔ condition serialization retains stable piece identities, HP and a monotonic next ID across refits (5.295ms)
✔ legacy condition restores healthy generated IDs; present malformed condition fails damaged pieces closed (0.7008ms)
✔ signed save restart restores away pose and condition without moving the player or activating a pilot body (837.6443ms)
✔ wrong-seed, unsafe and colliding voyage poses fall back to the dock while retaining condition and cargo (1318.721ms)
✔ profile sanitizer defaults legacy voyage/condition and ignores client attempts to set live HP or pose (235.176ms)
✔ recovered raft recall rejects remote requests, then recalls at the dock and clears voyage without healing or losing cargo (802.6802ms)
✔ recovered shore reboard starts a fresh stationary helm authority and rejects the inactive epoch (770.8076ms)
✔ mounting a docked raft without movement and disconnecting stays docked without recovery (614.9153ms)
✔ a persisted zero-float wreck returns at its dock with zero HP and the same IDs, then can be repaired (854.7413ms)
✔ a blocked simulation tick cannot save queued but uncommitted raft damage (508.9714ms)
✔ GameHost account close and restart restores the memory-store raft snapshot (805.8131ms)
✔ account memory store reopens the same persisted boat and rejects a stale profile CAS (4.22ms)
✔ LocalServer clock preserves fractional work, settles the net-to-grill chain, and revises once per lot tick (449.6646ms)
✔ signed save restores fractional work without producing while the owner is offline (290.0118ms)
✔ full hold pauses both pieces without consuming or losing goods, then resumes when space returns (247.4121ms)
✔ signed guest save preflight rejects an oversized lot atomically, then recovers (234.7759ms)
✔ save-store throws preserve the entire staged lot and a later healthy preflight recovers (259.7897ms)
✔ revision exhaustion blocks once without work, cargo, or revision changes (481.9693ms)
✔ editor edits preserve unrelated module work and removing a module clears only its own tuple key (286.1436ms)
✔ the selected chain produces fish and biscuits at the authored rates (5.0182ms)
✔ identical modules keep independent tuple identities and reorder keeps their fractions (1.0551ms)
✔ whole lots preflight post-input capacity and never consume ingredients on a blocked output (2.3313ms)
✔ missing inputs freeze fractional work and stopped rows have no time estimate (0.6501ms)
✔ sanitization keeps only bounded fractions for extant net and grill tuple keys (0.7151ms)
✔ production rows are detached views with rate, recipe, progress, and remaining time (0.5861ms)
✔ invalid and oversized time is guarded, capped, and deterministic (0.8108ms)
✔ nets can only be placed on the ground-level rim (0.665ms)
✔ RaftLayer skins and owns atlas geometry while preserving shared registry and texture resources (143.709ms)
✔ RaftLayer without a loaded atlas keeps procedural fallback and shared imported model resources (37.9975ms)
✔ part repair cost and salvage scale with missing or surviving HP without changing the blueprint (3.7872ms)
✔ damaged voyage condition survives docking and repair debits once while preserving part identity (358.0859ms)
✔ repair rejects forged HP, changed tuple, stale revision, extra fields, healthy parts and receipt aliases atomically (298.1918ms)
✔ save preflight and insufficient materials roll back repair, condition, inventory, revision, and receipt (256.6745ms)
✔ repair is restricted to the owner at the mooring/editor zone and pauses while busy or underway (258.9461ms)
✔ one original-plan foundation can be repaired from the dock ramp after every live float is destroyed (276.4761ms)
✔ destroyed cargo modules and floats preserve legacy stock; withdrawal stays possible and excess-increasing deposits stop (266.8707ms)
✔ destroyed production modules stop while dormant work and other module progress are conserved through repair (281.9102ms)
✔ reinforcement preserves the damaged fraction and removing a destroyed part refunds no materials (256.2999ms)
✔ condition is captured before detach and reattachment preserves the damaged instance (226.5548ms)
✔ refits preserve unrelated damage, reinforcement scales current HP, and removing a wreck yields no salvage (0.7051ms)
✔ memory-store account reopen preserves raft identity, berth, blueprint, hold, and does not mint a second starter (651.4959ms)
✔ raft profile migration grants once, preserves old boats, and respects explicit empty state (10.7854ms)
✔ raft preparation assigns stable unique owner and ship ids, rejects live clones, and repairs intra-profile duplicate ids (1.5597ms)
✔ local server moors one private-profile raft per owner and snapshots repair join and logout state (302.7287ms)
✔ destroyed or explicitly empty rafts do not allocate a vehicle (484.3921ms)
✔ out-of-map saved berth is replaced with a valid pose without changing raft contents (241.9719ms)
✔ GameClient accepts complete current raft snapshots and ignores older ticks (5.1787ms)
✔ real WebSocket snapshots expose moored blueprints, remove logout, and restore signed raft identity (852.1507ms)
✔ resource snapshots expose the same public node catalogue without profile cargo or gold (354.4419ms)
✔ two players contesting one actual node get one gather and one revision denial (292.1236ms)
✔ command access denial leaves node, pack, cooldown, revision, and save schedule untouched (249.3206ms)
✔ gather, craft, and raft construction persist through a signed save and reload (611.5577ms)
✔ parked coastal voyage permits real shore gathering, blocks crafting, then reboards with refreshed cargo mass (1055.3292ms)
✔ two players race for one resource; shared depletion and exact replay cannot duplicate goods (12.2548ms)
✔ rejects malformed and extra fields without coercion (1.0163ms)
✔ denies far, dead, moving, attacking, dashing, water, dock, and deck actions (1.0905ms)
✔ gathering remains available while a non-aboard player is naval-locked (0.9708ms)
✔ gathering requires calm, a live player entity, and a node revision below the cap (0.7013ms)
✔ craft requires calm, bench proximity, and no naval lock; pack mutation conserves units (1.704ms)
✔ full pack, revision conflicts and save preflight are atomic (1.1317ms)
✔ cooldown and respawn use world ticks; receipt window is bounded and clearable on detach (1.0935ms)
✔ keeps only the newest 64 operation receipts per player (1.9906ms)
✔ bench crafting rejects missing materials, full output capacity, and revision overflow (1.0139ms)
ℹ tests 386
ℹ suites 0
ℹ pass 385
ℹ fail 1
ℹ cancelled 0
ℹ skipped 0
ℹ todo 0
ℹ duration_ms 85359.5931

✖ failing tests:

test at tests\naval-route.test.mjs:102:1
✖ start eligibility matches the four-run authority cap and abort records its committed tick (332.1869ms)
  AssertionError [ERR_ASSERTION]: Expected values to be strictly equal:
  
  false !== true
  
      at TestContext.<anonymous> (file:///C:/DEV/real%20of%20trade/realms-of-trade-server/tests/naval-route.test.mjs:111:12)
      at Test.runInAsyncScope (node:async_hooks:228:14)
      at Test.run (node:internal/test_runner/test:1118:25)
      at Test.processPendingSubtests (node:internal/test_runner/test:787:18)
      at Test.postRun (node:internal/test_runner/test:1247:19)
      at Test.run (node:internal/test_runner/test:1175:12)
      at async startSubtestAfterBootstrap (node:internal/test_runner/harness:358:3) {
    generatedMessage: true,
    code: 'ERR_ASSERTION',
    actual: false,
    expected: true,
    operator: 'strictEqual',
    diff: 'simple'
  }
