{
    "page":  "C:\\DEV\\real of trade\\realms-of-trade-server\\docs\\delivery\\d08c11-raft-recovery\\artifact.html",
    "bytes":  160910,
    "files":  [
                  "src/audio/ambience.js",
                  "src/audio/engine.js",
                  "src/audio/music.js",
                  "src/audio/naval.js",
                  "src/audio/sfx.js",
                  "src/client/accountAuth.js",
                  "src/client/aimcast.js",
                  "src/client/gameClient.js",
                  "src/client/liveNavigationView.js",
                  "src/client/navalDeckPrediction.js",
                  "src/client/navalPilotPrediction.js",
                  "src/client/walletLink.js",
                  "src/client/walletProvider.js",
                  "src/core/events.js",
                  "src/core/input.js",
                  "src/core/loop.js",
                  "src/core/math.js",
                  "src/core/rng.js",
                  "src/core/settings.js",
                  "src/data/buildings.js",
                  "src/data/chat.js",
                  "src/data/clock.js",
                  "src/data/elements.js",
                  "src/data/encounters.js",
                  "src/data/enemies.js",
                  "src/data/goods.js",
                  "src/data/items.js",
                  "src/data/lawless.js",
                  "src/data/loot.js",
                  "src/data/meta.js",
                  "src/data/navalDamage.js",
                  "src/data/navalHandling.js",
                  "src/data/navalNavigation.js",
                  "src/data/navalTrial.js",
                  "src/data/pearls.js",
                  "src/data/quests.js",
                  "src/data/raftEditor.js",
                  "src/data/raftparts.js",
                  "src/data/resources.js",
                  "src/data/ships.js",
                  "src/data/ship_modules.js",
                  "src/data/tattoos.js",
                  "src/data/towns.js",
                  "src/data/tuning.js",
                  "src/data/weapons.js",
                  "src/main.js",
                  "src/net/chatService.js",
                  "src/net/deathInputBoundary.js",
                  "src/net/lagLink.js",
                  "src/net/localServer.js",
                  "src/net/navalPilotServer.js",
                  "src/net/pearlInputBoundary.js",
                  "src/net/protocol.js",
                  "src/net/saves.js",
                  "src/net/transport.js",
                  "src/net/worker.js",
                  "src/net/wsTransport.js",
                  "src/render/ambient.js",
                  "src/render/assets/bonemap.js",
                  "src/render/assets/manifest.js",
                  "src/render/assets/rebind.js",
                  "src/render/assets/registry.js",
                  "src/render/assets/toonmat.js",
                  "src/render/beachDebris.js",
                  "src/render/beachDebrisGeometry.js",
                  "src/render/beachDebrisPlacement.js",
                  "src/render/beachDetails.js",
                  "src/render/camera.js",
                  "src/render/characters.js",
                  "src/render/charkit.js",
                  "src/render/charlooks.js",
                  "src/render/coastRockGeometry.js",
                  "src/render/crab.js",
                  "src/render/debugdraw.js",
                  "src/render/dockRopes.js",
                  "src/render/dockWood.js",
                  "src/render/geo.js",
                  "src/render/gpu.js",
                  "src/render/grassGeometry.js",
                  "src/render/grassPatches.js",
                  "src/render/grassPlacement.js",
                  "src/render/groundMaterials.js",
                  "src/render/inkGlsl.js",
                  "src/render/lighting.js",
                  "src/render/lights.js",
                  "src/render/loot.js",
                  "src/render/naval/camera.js",
                  "src/render/naval/effects.js",
                  "src/render/naval/raft-skin.js",
                  "src/render/naval/speed-feel.js",
                  "src/render/navalHelmPose.js",
                  "src/render/noiseTex.js",
                  "src/render/palmBaseGeometry.js",
                  "src/render/palmBaseMaterials.js",
                  "src/render/palmGeometry.js",
                  "src/render/palmMaterials.js",
                  "src/render/pipeline.js",
                  "src/render/practice.js",
                  "src/render/props.js",
                  "src/render/quality.js",
                  "src/render/raftMaterials.js",
                  "src/render/rafts.js",
                  "src/render/resourceNodes.js",
                  "src/render/rockMaterials.js",
                  "src/render/sandMaterials.js",
                  "src/render/scene.js",
                  "src/render/seaweed.js",
                  "src/render/seaweedGeometry.js",
                  "src/render/seaweedPlacement.js",
                  "src/render/shrubGeometry.js",
                  "src/render/shrubMaterials.js",
                  "src/render/shrubPlacement.js",
                  "src/render/sky.js",
                  "src/render/terrain.js",
                  "src/render/toon.js",
                  "src/render/townCovers.js",
                  "src/render/townMaterials.js",
                  "src/render/vegetation.js",
                  "src/render/vfx/afterimage.js",
                  "src/render/vfx/calaring.js",
                  "src/render/vfx/combatfx.js",
                  "src/render/vfx/debris.js",
                  "src/render/vfx/decals.js",
                  "src/render/vfx/effects.js",
                  "src/render/vfx/footprints.js",
                  "src/render/vfx/frostfx.js",
                  "src/render/vfx/hazardfx.js",
                  "src/render/vfx/indicators.js",
                  "src/render/vfx/inkfx.js",
                  "src/render/vfx/particles.js",
                  "src/render/vfx/projectiles.js",
                  "src/render/vfx/skillfx.js",
                  "src/render/vfx/stormfx.js",
                  "src/render/vfx/streaks.js",
                  "src/render/vfx/weaponfx.js",
                  "src/render/water.js",
                  "src/render/waterDetail.js",
                  "src/sim/economy/cargo.js",
                  "src/sim/economy/economy.js",
                  "src/sim/economy/market.js",
                  "src/sim/economy/plots.js",
                  "src/sim/economy/raft.js",
                  "src/sim/economy/raftCapacity.js",
                  "src/sim/economy/raftProduction.js",
                  "src/sim/economy/voyage.js",
                  "src/sim/ecs.js",
                  "src/sim/items.js",
                  "src/sim/naval/coastContact.js",
                  "src/sim/naval/coastGeometry.js",
                  "src/sim/naval/condition.js",
                  "src/sim/naval/contact.js",
                  "src/sim/naval/deckWalk.js",
                  "src/sim/naval/handling.js",
                  "src/sim/naval/landing.js",
                  "src/sim/naval/navigation.js",
                  "src/sim/naval/operational.js",
                  "src/sim/naval/pilot.js",
                  "src/sim/naval/pilotGeometry.js",
                  "src/sim/naval/recovery.js",
                  "src/sim/naval/structure.js",
                  "src/sim/naval/trial.js",
                  "src/sim/naval/trialBody.js",
                  "src/sim/noise.js",
                  "src/sim/projectiles.js",
                  "src/sim/raftGeometry.js",
                  "src/sim/systems/boss.js",
                  "src/sim/systems/bots.js",
                  "src/sim/systems/combat.js",
                  "src/sim/systems/commerce.js",
                  "src/sim/systems/encounter.js",
                  "src/sim/systems/enemies.js",
                  "src/sim/systems/ink.js",
                  "src/sim/systems/inventory.js",
                  "src/sim/systems/lawless.js",
                  "src/sim/systems/movement.js",
                  "src/sim/systems/pearlcombat.js",
                  "src/sim/systems/pearlEffect.js",
                  "src/sim/systems/pearls.js",
                  "src/sim/systems/quests.js",
                  "src/sim/systems/raftCapacity.js",
                  "src/sim/systems/raftEditor.js",
                  "src/sim/systems/raftProduction.js",
                  "src/sim/systems/rafts.js",
                  "src/sim/systems/resources.js",
                  "src/sim/systems/skills.js",
                  "src/sim/systems/stats.js",
                  "src/sim/systems/trade.js",
                  "src/sim/world.js",
                  "src/sim/worldgen.js",
                  "src/ui/account.js",
                  "src/ui/charpanel.js",
                  "src/ui/chat.js",
                  "src/ui/chatBubbles.js",
                  "src/ui/comic.js",
                  "src/ui/commerce.js",
                  "src/ui/devpanel.js",
                  "src/ui/dialog.js",
                  "src/ui/feedback.js",
                  "src/ui/hud.js",
                  "src/ui/itemui.js",
                  "src/ui/mapview.js",
                  "src/ui/navalHudState.js",
                  "src/ui/pause.js",
                  "src/ui/pearlpanel.js",
                  "src/ui/raftEditor.js",
                  "src/ui/resourceActions.js",
                  "src/ui/rewards.js",
                  "src/ui/stage.js",
                  "src/ui/title.js",
                  "src/ui/touch.js",
                  "src/ui/touchHelm.js",
                  "src/ui/wallet.js",
                  "src/ui/worldui.js",
                  "assets/manifest.json",
                  "assets/models/beach-debris-branch-v1.glb",
                  "assets/models/beach-debris-log-v1.glb",
                  "assets/models/beach-debris-planks-v1.glb",
                  "assets/models/beach-pebbles-v1.glb",
                  "assets/models/beach-shell-chip-v1.glb",
                  "assets/models/beach-shell-fan-v1.glb",
                  "assets/models/beach-shell-oval-v1.glb",
                  "assets/models/coast-rock-v1.glb",
                  "assets/models/palm-base-lush-v1.glb",
                  "assets/models/palm-base-open-v1.glb",
                  "assets/models/palm-curved-v1.glb",
                  "assets/models/palm-short-v1.glb",
                  "assets/models/palm-tall-v1.glb",
                  "assets/models/prop-storage-crate.glb",
                  "assets/models/shrub-low-v1.glb",
                  "assets/models/shrub-round-v1.glb",
                  "assets/models/shrub-tall-v1.glb",
                  "assets/textures/ground-family-v1/atlas-albedo-desktop.webp",
                  "assets/textures/ground-family-v1/atlas-albedo-mobile.webp",
                  "assets/textures/ground-family-v1/atlas-normal-desktop.webp",
                  "assets/textures/ground-family-v1/atlas-normal-mobile.webp",
                  "assets/textures/palm-base-v1/albedo-mobile.webp",
                  "assets/textures/palm-base-v1/albedo-pc.webp",
                  "assets/textures/palm-base-v1/normal-mobile.webp",
                  "assets/textures/palm-base-v1/normal-pc.webp",
                  "assets/textures/palm-family-v1/albedo-desktop.webp",
                  "assets/textures/palm-family-v1/albedo-mobile.webp",
                  "assets/textures/palm-family-v1/normal-desktop.webp",
                  "assets/textures/palm-family-v1/normal-mobile.webp",
                  "assets/textures/palm-family-v2/albedo-desktop.webp",
                  "assets/textures/palm-family-v2/albedo-mobile.webp",
                  "assets/textures/palm-family-v2/normal-desktop.webp",
                  "assets/textures/palm-family-v2/normal-mobile.webp",
                  "assets/textures/raft/comic-materials-v1-mobile.webp",
                  "assets/textures/raft/comic-materials-v1.webp",
                  "assets/textures/raft/wood-boards-v2-mobile.webp",
                  "assets/textures/raft/wood-boards-v2-normal-mobile.webp",
                  "assets/textures/raft/wood-boards-v2-normal.webp",
                  "assets/textures/raft/wood-boards-v2.webp",
                  "assets/textures/sand-family-v1/dry-albedo-desktop.webp",
                  "assets/textures/sand-family-v1/dry-albedo-mobile.webp",
                  "assets/textures/sand-family-v1/dry-normal-desktop.webp",
                  "assets/textures/sand-family-v1/dry-normal-mobile.webp",
                  "assets/textures/sand-family-v1/footprints-albedo-desktop.webp",
                  "assets/textures/sand-family-v1/footprints-albedo-mobile.webp",
                  "assets/textures/sand-family-v1/footprints-normal-desktop.webp",
                  "assets/textures/sand-family-v1/footprints-normal-mobile.webp",
                  "assets/textures/sand-family-v1/ripple-albedo-desktop.webp",
                  "assets/textures/sand-family-v1/ripple-albedo-mobile.webp",
                  "assets/textures/sand-family-v1/ripple-normal-desktop.webp",
                  "assets/textures/sand-family-v1/ripple-normal-mobile.webp",
                  "assets/textures/sand-family-v1/shore-sand-albedo-desktop.webp",
                  "assets/textures/sand-family-v1/shore-sand-albedo-mobile.webp",
                  "assets/textures/sand-family-v1/shore-sand-normal-desktop.webp",
                  "assets/textures/sand-family-v1/shore-sand-normal-mobile.webp",
                  "assets/textures/sand-family-v1/wet-albedo-desktop.webp",
                  "assets/textures/sand-family-v1/wet-albedo-mobile.webp",
                  "assets/textures/shrub-v1/albedo-mobile.webp",
                  "assets/textures/shrub-v1/albedo-pc.webp",
                  "assets/textures/shrub-v1/normal-mobile.webp",
                  "assets/textures/shrub-v1/normal-pc.webp",
                  "assets/textures/town-wood-v1/atlas-albedo-desktop.webp",
                  "assets/textures/town-wood-v1/atlas-albedo-mobile.webp",
                  "assets/textures/town-wood-v1/atlas-normal-desktop.webp",
                  "assets/textures/town-wood-v1/atlas-normal-mobile.webp"
              ]
}